[0.267s][info][gc] Using The Z Garbage Collector
[0.630s][info][gc] GC(0) Garbage Collection (Warmup) 4M(15%)->4M(15%)
[1.510s][info][gc] GC(1) Garbage Collection (Warmup) 6M(23%)->6M(23%)
[13.097s][info][gc] GC(2) Garbage Collection (Warmup) 8M(31%)->8M(31%)
[13.265s][info][gc] GC(3) Garbage Collection (Allocation Rate) 10M(38%)->8M(31%)
[13.439s][info][gc] GC(4) Garbage Collection (Allocation Rate) 10M(38%)->10M(38%)
[13.577s][info][gc] GC(5) Garbage Collection (Allocation Rate) 12M(46%)->8M(31%)
[13.667s][info][gc] GC(6) Garbage Collection (Allocation Rate) 8M(31%)->8M(31%)
[13.717s][info][gc] GC(7) Garbage Collection (Allocation Rate) 8M(31%)->8M(31%)
[13.832s][info][gc] GC(8) Garbage Collection (Allocation Rate) 8M(31%)->8M(31%)
[14.854s][info][gc] GC(9) Garbage Collection (Allocation Rate) 16M(62%)->10M(38%)
[28.734s][info][gc] GC(10) Garbage Collection (Proactive) 14M(54%)->8M(31%)
[41.949s][info][gc] GC(11) Garbage Collection (Proactive) 12M(46%)->8M(31%)
[53.974s][info][gc] GC(12) Garbage Collection (Proactive) 12M(46%)->8M(31%)
[80.062s][info][gc] GC(13) Garbage Collection (Proactive) 12M(46%)->6M(23%)
[91.028s][info][gc] GC(14) Garbage Collection (Proactive) 10M(38%)->6M(23%)
[104.066s][info][gc] GC(15) Garbage Collection (Proactive) 10M(38%)->6M(23%)
[117.160s][info][gc] GC(16) Garbage Collection (Proactive) 10M(38%)->6M(23%)
[128.137s][info][gc] GC(17) Garbage Collection (Proactive) 10M(38%)->8M(31%)
[152.244s][info][gc] GC(18) Garbage Collection (Proactive) 12M(46%)->6M(23%)
[160.130s][info][gc] GC(19) Garbage Collection (Proactive) 10M(38%)->10M(38%)
[188.255s][info][gc] GC(20) Garbage Collection (Proactive) 14M(54%)->8M(31%)
[204.141s][info][gc] GC(21) Garbage Collection (Proactive) 12M(46%)->10M(38%)
[234.229s][info][gc] GC(22) Garbage Collection (Proactive) 14M(54%)->8M(31%)
[248.274s][info][gc] GC(23) Garbage Collection (Proactive) 12M(46%)->10M(38%)
[279.271s][info][gc] GC(24) Garbage Collection (Proactive) 14M(54%)->10M(38%)
[310.933s][info][gc] GC(25) Garbage Collection (Allocation Rate) 20M(77%)->14M(54%)
[310.989s][info][gc] Allocation Stall (main) 26.146ms
[310.992s][info][gc] GC(26) Garbage Collection (Allocation Stall) 26M(100%)->14M(54%)
[311.026s][info][gc] GC(27) Garbage Collection (Allocation Rate) 22M(85%)->8M(31%)
[311.137s][info][gc] GC(28) Garbage Collection (Allocation Rate) 8M(31%)->8M(31%)
[311.253s][info][gc] GC(29) Garbage Collection (Allocation Rate) 8M(31%)->10M(38%)
[311.337s][info][gc] GC(30) Garbage Collection (Allocation Rate) 10M(38%)->8M(31%)
[311.445s][info][gc] GC(31) Garbage Collection (Allocation Rate) 8M(31%)->10M(38%)
[311.538s][info][gc] GC(32) Garbage Collection (Allocation Rate) 10M(38%)->8M(31%)
[311.635s][info][gc] GC(33) Garbage Collection (Allocation Rate) 8M(31%)->8M(31%)
[311.761s][info][gc] GC(34) Garbage Collection (Allocation Rate) 8M(31%)->8M(31%)
[311.878s][info][gc] GC(35) Garbage Collection (Allocation Rate) 8M(31%)->8M(31%)
[312.070s][info][gc] GC(36) Garbage Collection (Allocation Rate) 8M(31%)->8M(31%)
[312.155s][info][gc] GC(37) Garbage Collection (Allocation Rate) 8M(31%)->8M(31%)
[312.270s][info][gc] GC(38) Garbage Collection (Allocation Rate) 8M(31%)->10M(38%)
[312.358s][info][gc] GC(39) Garbage Collection (Allocation Rate) 10M(38%)->8M(31%)
[312.482s][info][gc] GC(40) Garbage Collection (Allocation Rate) 8M(31%)->10M(38%)
[312.568s][info][gc] GC(41) Garbage Collection (Allocation Rate) 10M(38%)->8M(31%)
[312.640s][info][gc] GC(42) Garbage Collection (Allocation Rate) 8M(31%)->8M(31%)
[312.753s][info][gc] GC(43) Garbage Collection (Allocation Rate) 8M(31%)->8M(31%)
[322.546s][info][gc] GC(44) Garbage Collection (Proactive) 12M(46%)->10M(38%)
[338.553s][info][gc] GC(45) Garbage Collection (Proactive) 14M(54%)->10M(38%)
[354.551s][info][gc] GC(46) Garbage Collection (Proactive) 14M(54%)->10M(38%)
[385.658s][info][gc] GC(47) Garbage Collection (Proactive) 14M(54%)->8M(31%)
[401.687s][info][gc] GC(48) Garbage Collection (Proactive) 12M(46%)->8M(31%)
[417.780s][info][gc] GC(49) Garbage Collection (Proactive) 12M(46%)->8M(31%)
[433.765s][info][gc] GC(50) Garbage Collection (Proactive) 12M(46%)->8M(31%)
[449.589s][info][gc] GC(51) Garbage Collection (Proactive) 12M(46%)->8M(31%)
[464.751s][info][gc] GC(52) Garbage Collection (Proactive) 12M(46%)->8M(31%)
[478.574s][info][gc] GC(53) Garbage Collection (Proactive) 12M(46%)->8M(31%)
[493.863s][info][gc] GC(54) Garbage Collection (Proactive) 12M(46%)->8M(31%)
[509.873s][info][gc] GC(55) Garbage Collection (Proactive) 12M(46%)->8M(31%)
[525.934s][info][gc] GC(56) Garbage Collection (Proactive) 12M(46%)->8M(31%)
[541.852s][info][gc] GC(57) Garbage Collection (Proactive) 12M(46%)->8M(31%)
[551.048s][info][gc] GC(58) Garbage Collection (Proactive) 12M(46%)->12M(46%)
[584.917s][info][gc] GC(59) Garbage Collection (Proactive) 16M(62%)->12M(46%)
[616.050s][info][gc] GC(60) Garbage Collection (Proactive) 16M(62%)->12M(46%)
[650.143s][info][gc] GC(61) Garbage Collection (Proactive) 16M(62%)->12M(46%)
[684.364s][info][gc] GC(62) Garbage Collection (Proactive) 16M(62%)->12M(46%)
[718.327s][info][gc] GC(63) Garbage Collection (Proactive) 16M(62%)->10M(38%)
[734.350s][info][gc] GC(64) Garbage Collection (Proactive) 14M(54%)->10M(38%)
[750.328s][info][gc] GC(65) Garbage Collection (Proactive) 14M(54%)->12M(46%)
[784.832s][info][gc] GC(66) Garbage Collection (Proactive) 16M(62%)->8M(31%)
[800.461s][info][gc] GC(67) Garbage Collection (Proactive) 12M(46%)->8M(31%)
[816.469s][info][gc] GC(68) Garbage Collection (Proactive) 12M(46%)->8M(31%)
[826.224s][info][gc] GC(69) Garbage Collection (Proactive) 12M(46%)->12M(46%)
[857.562s][info][gc] GC(70) Garbage Collection (Proactive) 16M(62%)->8M(31%)
[873.546s][info][gc] GC(71) Garbage Collection (Proactive) 12M(46%)->8M(31%)
[889.563s][info][gc] GC(72) Garbage Collection (Proactive) 12M(46%)->8M(31%)
[905.600s][info][gc] GC(73) Garbage Collection (Proactive) 12M(46%)->8M(31%)
[918.683s][info][gc] GC(74) Garbage Collection (Proactive) 12M(46%)->8M(31%)
[934.666s][info][gc] GC(75) Garbage Collection (Proactive) 12M(46%)->8M(31%)
[950.665s][info][gc] GC(76) Garbage Collection (Proactive) 12M(46%)->8M(31%)
