[0.035s][info][gc] Using Parallel
[3.634s][info][gc] GC(0) Pause Young (Allocation Failure) 4M->2M(15M) 15.577ms
[4.008s][info][gc] GC(1) Pause Young (Allocation Failure) 6M->2M(15M) 6.107ms
[4.259s][info][gc] GC(2) Pause Young (Allocation Failure) 6M->3M(15M) 7.939ms
[4.535s][info][gc] GC(3) Pause Young (Allocation Failure) 7M->4M(15M) 3.791ms
[5.272s][info][gc] GC(4) Pause Young (Allocation Failure) 8M->5M(15M) 9.411ms
[17.550s][info][gc] GC(5) Pause Young (Allocation Failure) 9M->5M(13M) 12.198ms
[35.585s][info][gc] GC(6) Pause Young (Allocation Failure) 7M->5M(14M) 8.136ms
[55.598s][info][gc] GC(7) Pause Young (Allocation Failure) 7M->5M(14M) 4.032ms
[76.607s][info][gc] GC(8) Pause Young (Allocation Failure) 7M->5M(14M) 3.398ms
[97.627s][info][gc] GC(9) Pause Young (Allocation Failure) 7M->5M(14M) 1.643ms
[113.671s][info][gc] GC(10) Pause Young (Allocation Failure) 7M->5M(14M) 1.531ms
[133.723s][info][gc] GC(11) Pause Young (Allocation Failure) 7M->5M(14M) 1.388ms
[155.750s][info][gc] GC(12) Pause Young (Allocation Failure) 7M->5M(14M) 1.421ms
[177.761s][info][gc] GC(13) Pause Young (Allocation Failure) 7M->5M(14M) 0.916ms
