[0.018s][info][gc] Using The Z Garbage Collector
[0.177s][info][gc] GC(0) Garbage Collection (Warmup) 4M(25%)->4M(25%)
[0.258s][info][gc] GC(1) Garbage Collection (Warmup) 4M(25%)->4M(25%)
[1.151s][info][gc] GC(2) Garbage Collection (Warmup) 6M(38%)->4M(25%)
[3.759s][info][gc] GC(3) Garbage Collection (Proactive) 6M(38%)->6M(38%)
[3.999s][info][gc] GC(4) Garbage Collection (Allocation Rate) 10M(62%)->6M(38%)
[4.094s][info][gc] GC(5) Garbage Collection (Allocation Rate) 6M(38%)->6M(38%)
[4.196s][info][gc] GC(6) Garbage Collection (Allocation Rate) 8M(50%)->8M(50%)
[4.297s][info][gc] GC(7) Garbage Collection (Allocation Rate) 12M(75%)->8M(50%)
[4.383s][info][gc] GC(8) Garbage Collection (Allocation Rate) 8M(50%)->8M(50%)
[4.467s][info][gc] GC(9) Garbage Collection (Allocation Rate) 8M(50%)->8M(50%)
[4.569s][info][gc] GC(10) Garbage Collection (Allocation Rate) 8M(50%)->8M(50%)
[4.677s][info][gc] GC(11) Garbage Collection (Allocation Rate) 8M(50%)->8M(50%)
[4.785s][info][gc] GC(12) Garbage Collection (Allocation Rate) 8M(50%)->8M(50%)
[4.874s][info][gc] GC(13) Garbage Collection (Allocation Rate) 8M(50%)->8M(50%)
[5.016s][info][gc] GC(14) Garbage Collection (Allocation Rate) 8M(50%)->8M(50%)
[5.106s][info][gc] GC(15) Garbage Collection (Allocation Rate) 8M(50%)->8M(50%)
[5.242s][info][gc] GC(16) Garbage Collection (Allocation Rate) 8M(50%)->10M(62%)
[5.291s][info][gc] GC(17) Garbage Collection (Allocation Rate) 10M(62%)->10M(62%)
[5.373s][info][gc] GC(18) Garbage Collection (Allocation Rate) 10M(62%)->10M(62%)
[5.468s][info][gc] GC(19) Garbage Collection (Allocation Rate) 10M(62%)->10M(62%)
[5.587s][info][gc] GC(20) Garbage Collection (Allocation Rate) 10M(62%)->10M(62%)
[5.676s][info][gc] GC(21) Garbage Collection (Allocation Rate) 10M(62%)->10M(62%)
[5.785s][info][gc] GC(22) Garbage Collection (Allocation Rate) 10M(62%)->10M(62%)
[5.877s][info][gc] GC(23) Garbage Collection (Allocation Rate) 10M(62%)->10M(62%)
[5.986s][info][gc] GC(24) Garbage Collection (Allocation Rate) 10M(62%)->10M(62%)
[6.476s][info][gc] GC(25) Garbage Collection (Allocation Rate) 10M(62%)->10M(62%)
[6.569s][info][gc] GC(26) Garbage Collection (Allocation Rate) 10M(62%)->10M(62%)
[6.672s][info][gc] GC(27) Garbage Collection (Allocation Rate) 10M(62%)->10M(62%)
[6.782s][info][gc] GC(28) Garbage Collection (Allocation Rate) 10M(62%)->10M(62%)
[6.876s][info][gc] GC(29) Garbage Collection (Allocation Rate) 10M(62%)->10M(62%)
[6.971s][info][gc] GC(30) Garbage Collection (Allocation Rate) 10M(62%)->10M(62%)
[7.965s][info][gc] GC(31) Garbage Collection (Allocation Rate) 10M(62%)->10M(62%)
[8.059s][info][gc] GC(32) Garbage Collection (Allocation Rate) 10M(62%)->10M(62%)
[17.256s][info][gc] GC(33) Garbage Collection (Proactive) 12M(75%)->10M(62%)
[27.265s][info][gc] GC(34) Garbage Collection (Proactive) 12M(75%)->8M(50%)
[38.271s][info][gc] GC(35) Garbage Collection (Proactive) 10M(62%)->6M(38%)
[39.266s][info][gc] GC(36) Garbage Collection (Proactive) 8M(50%)->6M(38%)
[40.261s][info][gc] GC(37) Garbage Collection (Proactive) 8M(50%)->6M(38%)
[41.269s][info][gc] GC(38) Garbage Collection (Proactive) 8M(50%)->6M(38%)
[42.369s][info][gc] GC(39) Garbage Collection (Proactive) 8M(50%)->6M(38%)
[44.260s][info][gc] GC(40) Garbage Collection (Proactive) 8M(50%)->8M(50%)
[55.389s][info][gc] GC(41) Garbage Collection (Proactive) 10M(62%)->6M(38%)
[58.361s][info][gc] GC(42) Garbage Collection (Proactive) 8M(50%)->6M(38%)
[60.766s][info][gc] GC(43) Garbage Collection (Proactive) 8M(50%)->6M(38%)
[62.476s][info][gc] GC(44) Garbage Collection (Proactive) 8M(50%)->8M(50%)
[74.374s][info][gc] GC(45) Garbage Collection (Proactive) 10M(62%)->6M(38%)
[76.460s][info][gc] GC(46) Garbage Collection (Proactive) 8M(50%)->6M(38%)
[78.062s][info][gc] GC(47) Garbage Collection (Proactive) 8M(50%)->6M(38%)
[79.462s][info][gc] GC(48) Garbage Collection (Proactive) 8M(50%)->6M(38%)
[80.663s][info][gc] GC(49) Garbage Collection (Proactive) 8M(50%)->6M(38%)
[81.876s][info][gc] GC(50) Garbage Collection (Proactive) 8M(50%)->6M(38%)
[83.069s][info][gc] GC(51) Garbage Collection (Proactive) 8M(50%)->6M(38%)
[84.375s][info][gc] GC(52) Garbage Collection (Proactive) 8M(50%)->6M(38%)
[86.875s][info][gc] GC(53) Garbage Collection (Proactive) 8M(50%)->6M(38%)
[88.872s][info][gc] GC(54) Garbage Collection (Proactive) 8M(50%)->6M(38%)
[90.670s][info][gc] GC(55) Garbage Collection (Proactive) 8M(50%)->8M(50%)
[101.370s][info][gc] GC(56) Garbage Collection (Proactive) 10M(62%)->6M(38%)
[102.957s][info][gc] GC(57) Garbage Collection (Proactive) 8M(50%)->6M(38%)
[104.464s][info][gc] GC(58) Garbage Collection (Proactive) 8M(50%)->6M(38%)
[106.261s][info][gc] GC(59) Garbage Collection (Proactive) 8M(50%)->6M(38%)
[107.761s][info][gc] GC(60) Garbage Collection (Proactive) 8M(50%)->6M(38%)
[108.969s][info][gc] GC(61) Garbage Collection (Proactive) 8M(50%)->6M(38%)
[110.370s][info][gc] GC(62) Garbage Collection (Proactive) 8M(50%)->6M(38%)
[111.566s][info][gc] GC(63) Garbage Collection (Proactive) 8M(50%)->6M(38%)
[112.672s][info][gc] GC(64) Garbage Collection (Proactive) 8M(50%)->6M(38%)
[113.757s][info][gc] GC(65) Garbage Collection (Proactive) 8M(50%)->6M(38%)
[114.861s][info][gc] GC(66) Garbage Collection (Proactive) 8M(50%)->6M(38%)
[115.964s][info][gc] GC(67) Garbage Collection (Proactive) 10M(62%)->8M(50%)
[116.957s][info][gc] GC(68) Garbage Collection (Proactive) 10M(62%)->8M(50%)
[117.864s][info][gc] GC(69) Garbage Collection (Proactive) 10M(62%)->8M(50%)
[118.770s][info][gc] GC(70) Garbage Collection (Proactive) 10M(62%)->8M(50%)
[119.864s][info][gc] GC(71) Garbage Collection (Proactive) 10M(62%)->8M(50%)
[120.873s][info][gc] GC(72) Garbage Collection (Proactive) 10M(62%)->8M(50%)
[122.060s][info][gc] GC(73) Garbage Collection (Proactive) 10M(62%)->8M(50%)
[123.162s][info][gc] GC(74) Garbage Collection (Proactive) 10M(62%)->8M(50%)
[124.466s][info][gc] GC(75) Garbage Collection (Proactive) 10M(62%)->8M(50%)
[125.873s][info][gc] GC(76) Garbage Collection (Proactive) 10M(62%)->8M(50%)
[127.090s][info][gc] GC(77) Garbage Collection (Proactive) 10M(62%)->8M(50%)
[129.859s][info][gc] GC(78) Garbage Collection (Proactive) 10M(62%)->8M(50%)
[132.183s][info][gc] GC(79) Garbage Collection (Proactive) 10M(62%)->8M(50%)
[134.277s][info][gc] GC(80) Garbage Collection (Proactive) 10M(62%)->10M(62%)
[147.375s][info][gc] GC(81) Garbage Collection (Proactive) 12M(75%)->8M(50%)
[148.872s][info][gc] GC(82) Garbage Collection (Proactive) 10M(62%)->8M(50%)
[150.273s][info][gc] GC(83) Garbage Collection (Proactive) 10M(62%)->10M(62%)
[163.372s][info][gc] GC(84) Garbage Collection (Proactive) 12M(75%)->8M(50%)
[164.773s][info][gc] GC(85) Garbage Collection (Proactive) 10M(62%)->8M(50%)
[165.966s][info][gc] GC(86) Garbage Collection (Proactive) 10M(62%)->8M(50%)
[167.168s][info][gc] GC(87) Garbage Collection (Proactive) 10M(62%)->8M(50%)
[168.262s][info][gc] GC(88) Garbage Collection (Proactive) 10M(62%)->8M(50%)
[169.263s][info][gc] GC(89) Garbage Collection (Proactive) 10M(62%)->8M(50%)
[170.273s][info][gc] GC(90) Garbage Collection (Proactive) 10M(62%)->10M(62%)
[183.478s][info][gc] GC(91) Garbage Collection (Proactive) 12M(75%)->8M(50%)
[185.670s][info][gc] GC(92) Garbage Collection (Proactive) 10M(62%)->8M(50%)
[187.471s][info][gc] GC(93) Garbage Collection (Proactive) 10M(62%)->8M(50%)
[189.159s][info][gc] GC(94) Garbage Collection (Proactive) 10M(62%)->8M(50%)
[190.571s][info][gc] GC(95) Garbage Collection (Proactive) 10M(62%)->8M(50%)
[191.762s][info][gc] GC(96) Garbage Collection (Proactive) 10M(62%)->8M(50%)
[192.864s][info][gc] GC(97) Garbage Collection (Proactive) 10M(62%)->8M(50%)
[193.975s][info][gc] GC(98) Garbage Collection (Proactive) 10M(62%)->8M(50%)
[195.885s][info][gc] GC(99) Garbage Collection (Proactive) 10M(62%)->8M(50%)
[198.162s][info][gc] GC(100) Garbage Collection (Proactive) 10M(62%)->8M(50%)
[200.269s][info][gc] GC(101) Garbage Collection (Proactive) 10M(62%)->8M(50%)
[201.867s][info][gc] GC(102) Garbage Collection (Proactive) 10M(62%)->8M(50%)
[203.274s][info][gc] GC(103) Garbage Collection (Proactive) 10M(62%)->8M(50%)
[204.470s][info][gc] GC(104) Garbage Collection (Proactive) 10M(62%)->8M(50%)
[205.969s][info][gc] GC(105) Garbage Collection (Proactive) 10M(62%)->8M(50%)
[207.472s][info][gc] GC(106) Garbage Collection (Proactive) 10M(62%)->8M(50%)
[208.876s][info][gc] GC(107) Garbage Collection (Proactive) 10M(62%)->8M(50%)
[210.170s][info][gc] GC(108) Garbage Collection (Proactive) 10M(62%)->8M(50%)
[211.674s][info][gc] GC(109) Garbage Collection (Proactive) 10M(62%)->8M(50%)
[213.068s][info][gc] GC(110) Garbage Collection (Proactive) 10M(62%)->8M(50%)
[214.669s][info][gc] GC(111) Garbage Collection (Proactive) 10M(62%)->8M(50%)
[216.170s][info][gc] GC(112) Garbage Collection (Proactive) 10M(62%)->8M(50%)
[217.762s][info][gc] GC(113) Garbage Collection (Proactive) 10M(62%)->8M(50%)
[219.467s][info][gc] GC(114) Garbage Collection (Proactive) 10M(62%)->8M(50%)
[221.175s][info][gc] GC(115) Garbage Collection (Proactive) 10M(62%)->8M(50%)
[222.675s][info][gc] GC(116) Garbage Collection (Proactive) 10M(62%)->8M(50%)
[224.370s][info][gc] GC(117) Garbage Collection (Proactive) 10M(62%)->8M(50%)
[225.863s][info][gc] GC(118) Garbage Collection (Proactive) 10M(62%)->8M(50%)
[227.176s][info][gc] GC(119) Garbage Collection (Proactive) 10M(62%)->8M(50%)
[228.679s][info][gc] GC(120) Garbage Collection (Proactive) 10M(62%)->8M(50%)
[230.175s][info][gc] GC(121) Garbage Collection (Proactive) 10M(62%)->8M(50%)
[231.574s][info][gc] GC(122) Garbage Collection (Proactive) 10M(62%)->8M(50%)
[232.971s][info][gc] GC(123) Garbage Collection (Proactive) 10M(62%)->8M(50%)
[234.584s][info][gc] GC(124) Garbage Collection (Proactive) 10M(62%)->8M(50%)
[236.668s][info][gc] GC(125) Garbage Collection (Proactive) 10M(62%)->8M(50%)
[238.483s][info][gc] GC(126) Garbage Collection (Proactive) 10M(62%)->8M(50%)
[240.269s][info][gc] GC(127) Garbage Collection (Proactive) 10M(62%)->8M(50%)
[241.879s][info][gc] GC(128) Garbage Collection (Proactive) 10M(62%)->8M(50%)
[243.469s][info][gc] GC(129) Garbage Collection (Proactive) 10M(62%)->8M(50%)
[245.080s][info][gc] GC(130) Garbage Collection (Proactive) 10M(62%)->8M(50%)
[246.771s][info][gc] GC(131) Garbage Collection (Proactive) 10M(62%)->8M(50%)
[248.476s][info][gc] GC(132) Garbage Collection (Proactive) 10M(62%)->8M(50%)
[249.971s][info][gc] GC(133) Garbage Collection (Proactive) 10M(62%)->8M(50%)
[251.468s][info][gc] GC(134) Garbage Collection (Proactive) 10M(62%)->8M(50%)
[252.971s][info][gc] GC(135) Garbage Collection (Proactive) 10M(62%)->8M(50%)
[254.574s][info][gc] GC(136) Garbage Collection (Proactive) 10M(62%)->8M(50%)
[256.272s][info][gc] GC(137) Garbage Collection (Proactive) 10M(62%)->8M(50%)
[257.777s][info][gc] GC(138) Garbage Collection (Proactive) 10M(62%)->8M(50%)
[259.579s][info][gc] GC(139) Garbage Collection (Proactive) 10M(62%)->8M(50%)
[261.363s][info][gc] GC(140) Garbage Collection (Proactive) 10M(62%)->8M(50%)
[263.267s][info][gc] GC(141) Garbage Collection (Proactive) 10M(62%)->8M(50%)
[264.674s][info][gc] GC(142) Garbage Collection (Proactive) 10M(62%)->8M(50%)
[266.172s][info][gc] GC(143) Garbage Collection (Proactive) 10M(62%)->8M(50%)
[268.359s][info][gc] GC(144) Garbage Collection (Proactive) 10M(62%)->8M(50%)
[268.968s][info][gc] GC(145) Garbage Collection (Allocation Rate) 14M(88%)->12M(75%)
[269.003s][info][gc] Allocation Stall (main) 18.145ms
[269.005s][info][gc] GC(146) Garbage Collection (Allocation Stall) 16M(100%)->12M(75%)
[269.027s][info][gc] Allocation Stall (main) 16.663ms
[269.029s][info][gc] GC(147) Garbage Collection (Allocation Stall) 16M(100%)->14M(88%)
[269.047s][info][gc] Allocation Stall (main) 14.000ms
[269.048s][info][gc] GC(148) Garbage Collection (Allocation Stall) 16M(100%)->14M(88%)
[269.067s][info][gc] Allocation Stall (main) 14.683ms
[269.068s][info][gc] GC(149) Garbage Collection (Allocation Stall) 16M(100%)->14M(88%)
[269.088s][info][gc] Relocation Stall (main) 0.928ms
[269.088s][info][gc] GC(150) Garbage Collection (Allocation Stall) 16M(100%)->14M(88%)
[269.088s][info][gc] Allocation Stall (main) 15.596ms
[269.104s][info][gc] Allocation Stall (main) 14.168ms
[269.105s][info][gc] GC(151) Garbage Collection (Allocation Stall) 16M(100%)->16M(100%)
[269.119s][info][gc] Allocation Stall (main) 12.113ms
[269.119s][info][gc] GC(152) Garbage Collection (Allocation Stall) 16M(100%)->10M(62%)
[269.166s][info][gc] GC(153) Garbage Collection (Allocation Rate) 10M(62%)->8M(50%)
[269.269s][info][gc] GC(154) Garbage Collection (Allocation Rate) 8M(50%)->8M(50%)
[269.373s][info][gc] GC(155) Garbage Collection (Allocation Rate) 10M(62%)->8M(50%)
[269.469s][info][gc] GC(156) Garbage Collection (Allocation Rate) 10M(62%)->10M(62%)
[269.592s][info][gc] GC(157) Garbage Collection (Allocation Rate) 10M(62%)->8M(50%)
[269.669s][info][gc] GC(158) Garbage Collection (Allocation Rate) 8M(50%)->8M(50%)
[269.761s][info][gc] GC(159) Garbage Collection (Allocation Rate) 8M(50%)->8M(50%)
[269.869s][info][gc] GC(160) Garbage Collection (Allocation Rate) 8M(50%)->8M(50%)
[269.968s][info][gc] GC(161) Garbage Collection (Allocation Rate) 8M(50%)->8M(50%)
[270.072s][info][gc] GC(162) Garbage Collection (Allocation Rate) 8M(50%)->8M(50%)
[270.165s][info][gc] GC(163) Garbage Collection (Allocation Rate) 8M(50%)->8M(50%)
[270.264s][info][gc] GC(164) Garbage Collection (Allocation Rate) 8M(50%)->8M(50%)
[270.368s][info][gc] GC(165) Garbage Collection (Allocation Rate) 10M(62%)->8M(50%)
[270.470s][info][gc] GC(166) Garbage Collection (Allocation Rate) 10M(62%)->8M(50%)
[270.573s][info][gc] GC(167) Garbage Collection (Allocation Rate) 8M(50%)->8M(50%)
[270.672s][info][gc] GC(168) Garbage Collection (Allocation Rate) 8M(50%)->8M(50%)
[270.762s][info][gc] GC(169) Garbage Collection (Allocation Rate) 8M(50%)->8M(50%)
[270.866s][info][gc] GC(170) Garbage Collection (Allocation Rate) 8M(50%)->8M(50%)
[272.257s][info][gc] GC(171) Garbage Collection (Proactive) 10M(62%)->8M(50%)
[273.361s][info][gc] GC(172) Garbage Collection (Proactive) 10M(62%)->8M(50%)
[274.376s][info][gc] GC(173) Garbage Collection (Proactive) 10M(62%)->8M(50%)
[275.764s][info][gc] GC(174) Garbage Collection (Proactive) 10M(62%)->8M(50%)
[276.963s][info][gc] GC(175) Garbage Collection (Proactive) 10M(62%)->8M(50%)
[278.269s][info][gc] GC(176) Garbage Collection (Proactive) 10M(62%)->8M(50%)
[279.472s][info][gc] GC(177) Garbage Collection (Proactive) 10M(62%)->8M(50%)
[280.575s][info][gc] GC(178) Garbage Collection (Proactive) 10M(62%)->8M(50%)
[281.658s][info][gc] GC(179) Garbage Collection (Proactive) 10M(62%)->8M(50%)
[282.767s][info][gc] GC(180) Garbage Collection (Proactive) 10M(62%)->8M(50%)
[283.876s][info][gc] GC(181) Garbage Collection (Proactive) 10M(62%)->8M(50%)
[284.967s][info][gc] GC(182) Garbage Collection (Proactive) 10M(62%)->8M(50%)
[286.161s][info][gc] GC(183) Garbage Collection (Proactive) 10M(62%)->8M(50%)
[287.282s][info][gc] GC(184) Garbage Collection (Proactive) 10M(62%)->8M(50%)
[289.873s][info][gc] GC(185) Garbage Collection (Proactive) 10M(62%)->8M(50%)
[291.979s][info][gc] GC(186) Garbage Collection (Proactive) 10M(62%)->8M(50%)
[294.565s][info][gc] GC(187) Garbage Collection (Proactive) 10M(62%)->8M(50%)
[296.869s][info][gc] GC(188) Garbage Collection (Proactive) 10M(62%)->8M(50%)
[298.571s][info][gc] GC(189) Garbage Collection (Proactive) 10M(62%)->8M(50%)
[299.972s][info][gc] GC(190) Garbage Collection (Proactive) 10M(62%)->8M(50%)
[301.168s][info][gc] GC(191) Garbage Collection (Proactive) 10M(62%)->8M(50%)
[302.365s][info][gc] GC(192) Garbage Collection (Proactive) 10M(62%)->8M(50%)
[303.478s][info][gc] GC(193) Garbage Collection (Proactive) 10M(62%)->8M(50%)
[305.062s][info][gc] GC(194) Garbage Collection (Proactive) 10M(62%)->8M(50%)
[306.465s][info][gc] GC(195) Garbage Collection (Proactive) 10M(62%)->10M(62%)
[319.562s][info][gc] GC(196) Garbage Collection (Proactive) 12M(75%)->8M(50%)
[320.975s][info][gc] GC(197) Garbage Collection (Proactive) 10M(62%)->8M(50%)
[322.359s][info][gc] GC(198) Garbage Collection (Proactive) 10M(62%)->10M(62%)
[335.563s][info][gc] GC(199) Garbage Collection (Proactive) 12M(75%)->8M(50%)
[336.961s][info][gc] GC(200) Garbage Collection (Proactive) 10M(62%)->8M(50%)
[338.185s][info][gc] GC(201) Garbage Collection (Proactive) 10M(62%)->8M(50%)
[340.960s][info][gc] GC(202) Garbage Collection (Proactive) 10M(62%)->8M(50%)
[343.294s][info][gc] GC(203) Garbage Collection (Proactive) 10M(62%)->8M(50%)
[346.866s][info][gc] GC(204) Garbage Collection (Proactive) 10M(62%)->8M(50%)
[349.762s][info][gc] GC(205) Garbage Collection (Proactive) 10M(62%)->8M(50%)
[351.878s][info][gc] GC(206) Garbage Collection (Proactive) 10M(62%)->8M(50%)
[354.386s][info][gc] GC(207) Garbage Collection (Proactive) 10M(62%)->10M(62%)
[367.561s][info][gc] GC(208) Garbage Collection (Proactive) 12M(75%)->8M(50%)
[369.665s][info][gc] GC(209) Garbage Collection (Proactive) 10M(62%)->8M(50%)
[370.460s][info][gc] GC(210) Garbage Collection (Allocation Rate) 12M(75%)->10M(62%)
[370.568s][info][gc] GC(211) Garbage Collection (Allocation Rate) 12M(75%)->10M(62%)
[370.661s][info][gc] GC(212) Garbage Collection (Allocation Rate) 10M(62%)->10M(62%)
[370.779s][info][gc] GC(213) Garbage Collection (Allocation Rate) 10M(62%)->10M(62%)
[370.862s][info][gc] GC(214) Garbage Collection (Allocation Rate) 10M(62%)->10M(62%)
[370.971s][info][gc] GC(215) Garbage Collection (Allocation Rate) 10M(62%)->10M(62%)
[372.167s][info][gc] GC(216) Garbage Collection (Proactive) 12M(75%)->10M(62%)
[373.270s][info][gc] GC(217) Garbage Collection (Proactive) 12M(75%)->10M(62%)
[374.262s][info][gc] GC(218) Garbage Collection (Proactive) 12M(75%)->10M(62%)
[375.172s][info][gc] GC(219) Garbage Collection (Proactive) 12M(75%)->10M(62%)
[376.170s][info][gc] GC(220) Garbage Collection (Proactive) 12M(75%)->10M(62%)
[377.060s][info][gc] GC(221) Garbage Collection (Proactive) 12M(75%)->10M(62%)
[377.972s][info][gc] GC(222) Garbage Collection (Proactive) 12M(75%)->10M(62%)
[378.858s][info][gc] GC(223) Garbage Collection (Proactive) 12M(75%)->10M(62%)
[379.763s][info][gc] GC(224) Garbage Collection (Proactive) 12M(75%)->10M(62%)
[380.868s][info][gc] GC(225) Garbage Collection (Proactive) 12M(75%)->10M(62%)
[382.169s][info][gc] GC(226) Garbage Collection (Proactive) 12M(75%)->10M(62%)
[383.368s][info][gc] GC(227) Garbage Collection (Proactive) 12M(75%)->10M(62%)
[384.483s][info][gc] GC(228) Garbage Collection (Proactive) 12M(75%)->10M(62%)
[387.574s][info][gc] GC(229) Garbage Collection (Proactive) 12M(75%)->10M(62%)
[389.959s][info][gc] GC(230) Garbage Collection (Proactive) 12M(75%)->10M(62%)
[391.862s][info][gc] GC(231) Garbage Collection (Proactive) 12M(75%)->10M(62%)
[393.262s][info][gc] GC(232) Garbage Collection (Proactive) 12M(75%)->10M(62%)
[394.359s][info][gc] GC(233) Garbage Collection (Proactive) 12M(75%)->10M(62%)
[395.564s][info][gc] GC(234) Garbage Collection (Proactive) 12M(75%)->10M(62%)
[396.671s][info][gc] GC(235) Garbage Collection (Proactive) 12M(75%)->10M(62%)
[397.764s][info][gc] GC(236) Garbage Collection (Proactive) 12M(75%)->10M(62%)
[399.365s][info][gc] GC(237) Garbage Collection (Proactive) 12M(75%)->10M(62%)
[400.763s][info][gc] GC(238) Garbage Collection (Proactive) 12M(75%)->10M(62%)
[401.861s][info][gc] GC(239) Garbage Collection (Proactive) 12M(75%)->10M(62%)
[403.188s][info][gc] GC(240) Garbage Collection (Proactive) 12M(75%)->10M(62%)
[406.179s][info][gc] GC(241) Garbage Collection (Proactive) 12M(75%)->10M(62%)
[408.483s][info][gc] GC(242) Garbage Collection (Proactive) 12M(75%)->10M(62%)
[410.379s][info][gc] GC(243) Garbage Collection (Proactive) 12M(75%)->10M(62%)
[412.071s][info][gc] GC(244) Garbage Collection (Proactive) 12M(75%)->10M(62%)
[413.573s][info][gc] GC(245) Garbage Collection (Proactive) 12M(75%)->10M(62%)
[414.962s][info][gc] GC(246) Garbage Collection (Proactive) 12M(75%)->10M(62%)
[416.265s][info][gc] GC(247) Garbage Collection (Proactive) 12M(75%)->10M(62%)
[417.368s][info][gc] GC(248) Garbage Collection (Proactive) 12M(75%)->10M(62%)
[418.474s][info][gc] GC(249) Garbage Collection (Proactive) 12M(75%)->10M(62%)
[419.566s][info][gc] GC(250) Garbage Collection (Proactive) 12M(75%)->12M(75%)
[432.669s][info][gc] GC(251) Garbage Collection (Allocation Rate) 14M(88%)->10M(62%)
[433.969s][info][gc] GC(252) Garbage Collection (Proactive) 12M(75%)->10M(62%)
[435.163s][info][gc] GC(253) Garbage Collection (Proactive) 12M(75%)->10M(62%)
[436.165s][info][gc] GC(254) Garbage Collection (Proactive) 12M(75%)->10M(62%)
[437.559s][info][gc] GC(255) Garbage Collection (Proactive) 12M(75%)->10M(62%)
[438.780s][info][gc] GC(256) Garbage Collection (Proactive) 12M(75%)->10M(62%)
[441.174s][info][gc] GC(257) Garbage Collection (Proactive) 12M(75%)->10M(62%)
[443.080s][info][gc] GC(258) Garbage Collection (Proactive) 12M(75%)->10M(62%)
[445.067s][info][gc] GC(259) Garbage Collection (Proactive) 12M(75%)->10M(62%)
[446.873s][info][gc] GC(260) Garbage Collection (Proactive) 12M(75%)->10M(62%)
[448.870s][info][gc] GC(261) Garbage Collection (Proactive) 12M(75%)->10M(62%)
[450.668s][info][gc] GC(262) Garbage Collection (Proactive) 12M(75%)->10M(62%)
[452.590s][info][gc] GC(263) Garbage Collection (Proactive) 12M(75%)->12M(75%)
[465.678s][info][gc] GC(264) Garbage Collection (Allocation Rate) 14M(88%)->10M(62%)
[467.872s][info][gc] GC(265) Garbage Collection (Proactive) 12M(75%)->10M(62%)
[469.670s][info][gc] GC(266) Garbage Collection (Proactive) 12M(75%)->10M(62%)
[471.170s][info][gc] GC(267) Garbage Collection (Proactive) 12M(75%)->10M(62%)
[472.973s][info][gc] GC(268) Garbage Collection (Proactive) 12M(75%)->10M(62%)
[474.566s][info][gc] GC(269) Garbage Collection (Proactive) 12M(75%)->10M(62%)
[475.876s][info][gc] GC(270) Garbage Collection (Proactive) 12M(75%)->10M(62%)
[477.369s][info][gc] GC(271) Garbage Collection (Proactive) 12M(75%)->10M(62%)
[478.767s][info][gc] GC(272) Garbage Collection (Proactive) 12M(75%)->10M(62%)
[480.096s][info][gc] GC(273) Garbage Collection (Proactive) 12M(75%)->10M(62%)
[483.262s][info][gc] GC(274) Garbage Collection (Proactive) 12M(75%)->10M(62%)
[486.059s][info][gc] GC(275) Garbage Collection (Proactive) 12M(75%)->10M(62%)
[487.959s][info][gc] GC(276) Garbage Collection (Proactive) 12M(75%)->10M(62%)
[489.359s][info][gc] GC(277) Garbage Collection (Proactive) 12M(75%)->10M(62%)
[490.469s][info][gc] GC(278) Garbage Collection (Proactive) 12M(75%)->10M(62%)
[491.461s][info][gc] GC(279) Garbage Collection (Proactive) 12M(75%)->10M(62%)
[492.362s][info][gc] GC(280) Garbage Collection (Proactive) 12M(75%)->10M(62%)
[493.266s][info][gc] GC(281) Garbage Collection (Proactive) 12M(75%)->10M(62%)
[494.060s][info][gc] GC(282) Garbage Collection (Proactive) 12M(75%)->10M(62%)
[495.171s][info][gc] GC(283) Garbage Collection (Proactive) 12M(75%)->10M(62%)
[496.159s][info][gc] GC(284) Garbage Collection (Proactive) 12M(75%)->10M(62%)
[497.067s][info][gc] GC(285) Garbage Collection (Proactive) 12M(75%)->10M(62%)
[498.169s][info][gc] GC(286) Garbage Collection (Proactive) 12M(75%)->10M(62%)
[499.165s][info][gc] GC(287) Garbage Collection (Proactive) 12M(75%)->10M(62%)
[500.068s][info][gc] GC(288) Garbage Collection (Proactive) 12M(75%)->10M(62%)
[501.167s][info][gc] GC(289) Garbage Collection (Proactive) 12M(75%)->10M(62%)
[502.165s][info][gc] GC(290) Garbage Collection (Proactive) 12M(75%)->10M(62%)
[503.057s][info][gc] GC(291) Garbage Collection (Proactive) 12M(75%)->10M(62%)
[503.961s][info][gc] GC(292) Garbage Collection (Proactive) 12M(75%)->10M(62%)
[504.770s][info][gc] GC(293) Garbage Collection (Proactive) 12M(75%)->10M(62%)
[505.559s][info][gc] GC(294) Garbage Collection (Proactive) 12M(75%)->10M(62%)
[506.367s][info][gc] GC(295) Garbage Collection (Proactive) 12M(75%)->10M(62%)
[507.158s][info][gc] GC(296) Garbage Collection (Proactive) 12M(75%)->10M(62%)
[507.965s][info][gc] GC(297) Garbage Collection (Proactive) 12M(75%)->10M(62%)
[508.770s][info][gc] GC(298) Garbage Collection (Proactive) 12M(75%)->10M(62%)
[509.562s][info][gc] GC(299) Garbage Collection (Proactive) 12M(75%)->10M(62%)
[510.366s][info][gc] GC(300) Garbage Collection (Proactive) 12M(75%)->10M(62%)
[511.165s][info][gc] GC(301) Garbage Collection (Proactive) 12M(75%)->10M(62%)
[511.959s][info][gc] GC(302) Garbage Collection (Proactive) 12M(75%)->10M(62%)
[512.766s][info][gc] GC(303) Garbage Collection (Proactive) 12M(75%)->10M(62%)
[513.557s][info][gc] GC(304) Garbage Collection (Proactive) 12M(75%)->10M(62%)
[514.364s][info][gc] GC(305) Garbage Collection (Proactive) 12M(75%)->8M(50%)
[515.174s][info][gc] GC(306) Garbage Collection (Proactive) 10M(62%)->8M(50%)
[516.372s][info][gc] GC(307) Garbage Collection (Proactive) 10M(62%)->8M(50%)
[517.457s][info][gc] GC(308) Garbage Collection (Proactive) 10M(62%)->8M(50%)
[518.457s][info][gc] GC(309) Garbage Collection (Proactive) 10M(62%)->10M(62%)
[531.760s][info][gc] GC(310) Garbage Collection (Proactive) 12M(75%)->8M(50%)
[532.958s][info][gc] GC(311) Garbage Collection (Proactive) 10M(62%)->8M(50%)
[534.069s][info][gc] GC(312) Garbage Collection (Proactive) 10M(62%)->8M(50%)
[535.173s][info][gc] GC(313) Garbage Collection (Proactive) 10M(62%)->8M(50%)
[536.259s][info][gc] GC(314) Garbage Collection (Proactive) 10M(62%)->8M(50%)
[537.361s][info][gc] GC(315) Garbage Collection (Proactive) 10M(62%)->8M(50%)
[538.373s][info][gc] GC(316) Garbage Collection (Proactive) 10M(62%)->8M(50%)
[539.384s][info][gc] GC(317) Garbage Collection (Proactive) 10M(62%)->8M(50%)
[541.561s][info][gc] GC(318) Garbage Collection (Proactive) 10M(62%)->8M(50%)
[543.267s][info][gc] GC(319) Garbage Collection (Proactive) 10M(62%)->8M(50%)
[544.661s][info][gc] GC(320) Garbage Collection (Proactive) 10M(62%)->8M(50%)
[545.971s][info][gc] GC(321) Garbage Collection (Proactive) 10M(62%)->8M(50%)
[547.158s][info][gc] GC(322) Garbage Collection (Proactive) 10M(62%)->8M(50%)
[548.182s][info][gc] GC(323) Garbage Collection (Proactive) 10M(62%)->8M(50%)
[550.772s][info][gc] GC(324) Garbage Collection (Proactive) 10M(62%)->8M(50%)
[552.770s][info][gc] GC(325) Garbage Collection (Proactive) 10M(62%)->8M(50%)
[554.358s][info][gc] GC(326) Garbage Collection (Proactive) 10M(62%)->8M(50%)
[555.666s][info][gc] GC(327) Garbage Collection (Proactive) 10M(62%)->8M(50%)
[556.871s][info][gc] GC(328) Garbage Collection (Proactive) 10M(62%)->8M(50%)
[558.162s][info][gc] GC(329) Garbage Collection (Proactive) 10M(62%)->8M(50%)
[559.362s][info][gc] GC(330) Garbage Collection (Proactive) 10M(62%)->8M(50%)
[560.470s][info][gc] GC(331) Garbage Collection (Proactive) 10M(62%)->10M(62%)
[573.770s][info][gc] GC(332) Garbage Collection (Proactive) 12M(75%)->8M(50%)
[574.866s][info][gc] GC(333) Garbage Collection (Proactive) 10M(62%)->8M(50%)
[576.062s][info][gc] GC(334) Garbage Collection (Proactive) 10M(62%)->8M(50%)
[577.259s][info][gc] GC(335) Garbage Collection (Proactive) 10M(62%)->8M(50%)
[578.364s][info][gc] GC(336) Garbage Collection (Proactive) 10M(62%)->8M(50%)
[579.379s][info][gc] GC(337) Garbage Collection (Proactive) 10M(62%)->8M(50%)
[581.762s][info][gc] GC(338) Garbage Collection (Proactive) 10M(62%)->8M(50%)
[583.665s][info][gc] GC(339) Garbage Collection (Proactive) 10M(62%)->8M(50%)
[585.259s][info][gc] GC(340) Garbage Collection (Proactive) 10M(62%)->8M(50%)
[586.557s][info][gc] GC(341) Garbage Collection (Proactive) 10M(62%)->8M(50%)
[587.662s][info][gc] GC(342) Garbage Collection (Proactive) 10M(62%)->8M(50%)
[589.059s][info][gc] GC(343) Garbage Collection (Proactive) 10M(62%)->8M(50%)
[590.258s][info][gc] GC(344) Garbage Collection (Proactive) 10M(62%)->8M(50%)
[591.375s][info][gc] GC(345) Garbage Collection (Proactive) 10M(62%)->8M(50%)
[594.165s][info][gc] GC(346) Garbage Collection (Proactive) 10M(62%)->8M(50%)
[596.373s][info][gc] GC(347) Garbage Collection (Proactive) 10M(62%)->8M(50%)
[598.072s][info][gc] GC(348) Garbage Collection (Proactive) 10M(62%)->8M(50%)
[599.366s][info][gc] GC(349) Garbage Collection (Proactive) 10M(62%)->8M(50%)
[600.567s][info][gc] GC(350) Garbage Collection (Proactive) 10M(62%)->8M(50%)
[601.663s][info][gc] GC(351) Garbage Collection (Proactive) 10M(62%)->8M(50%)
[602.766s][info][gc] GC(352) Garbage Collection (Proactive) 10M(62%)->8M(50%)
[603.870s][info][gc] GC(353) Garbage Collection (Proactive) 10M(62%)->8M(50%)
[604.867s][info][gc] GC(354) Garbage Collection (Proactive) 10M(62%)->8M(50%)
[605.862s][info][gc] GC(355) Garbage Collection (Proactive) 10M(62%)->8M(50%)
[606.972s][info][gc] GC(356) Garbage Collection (Proactive) 10M(62%)->8M(50%)
[608.273s][info][gc] GC(357) Garbage Collection (Proactive) 10M(62%)->8M(50%)
[609.488s][info][gc] GC(358) Garbage Collection (Proactive) 10M(62%)->10M(62%)
[622.756s][info][gc] GC(359) Garbage Collection (Proactive) 12M(75%)->8M(50%)
[624.976s][info][gc] GC(360) Garbage Collection (Proactive) 10M(62%)->8M(50%)
[626.771s][info][gc] GC(361) Garbage Collection (Proactive) 10M(62%)->8M(50%)
[628.684s][info][gc] GC(362) Garbage Collection (Proactive) 10M(62%)->8M(50%)
[631.070s][info][gc] GC(363) Garbage Collection (Proactive) 10M(62%)->8M(50%)
[633.265s][info][gc] GC(364) Garbage Collection (Proactive) 10M(62%)->8M(50%)
[634.868s][info][gc] GC(365) Garbage Collection (Proactive) 10M(62%)->8M(50%)
[636.770s][info][gc] GC(366) Garbage Collection (Proactive) 10M(62%)->8M(50%)
[638.662s][info][gc] GC(367) Garbage Collection (Proactive) 10M(62%)->8M(50%)
[640.457s][info][gc] GC(368) Garbage Collection (Proactive) 10M(62%)->8M(50%)
[641.868s][info][gc] GC(369) Garbage Collection (Proactive) 10M(62%)->8M(50%)
[643.061s][info][gc] GC(370) Garbage Collection (Proactive) 10M(62%)->8M(50%)
[644.164s][info][gc] GC(371) Garbage Collection (Proactive) 10M(62%)->8M(50%)
[645.169s][info][gc] GC(372) Garbage Collection (Proactive) 10M(62%)->8M(50%)
[646.366s][info][gc] GC(373) Garbage Collection (Proactive) 10M(62%)->8M(50%)
[647.458s][info][gc] GC(374) Garbage Collection (Proactive) 10M(62%)->8M(50%)
[648.365s][info][gc] GC(375) Garbage Collection (Proactive) 10M(62%)->8M(50%)
[649.568s][info][gc] GC(376) Garbage Collection (Proactive) 10M(62%)->8M(50%)
[650.676s][info][gc] GC(377) Garbage Collection (Proactive) 10M(62%)->8M(50%)
[653.467s][info][gc] GC(378) Garbage Collection (Proactive) 10M(62%)->8M(50%)
[655.677s][info][gc] GC(379) Garbage Collection (Proactive) 10M(62%)->8M(50%)
[657.467s][info][gc] GC(380) Garbage Collection (Proactive) 10M(62%)->8M(50%)
[658.885s][info][gc] GC(381) Garbage Collection (Proactive) 10M(62%)->8M(50%)
[661.169s][info][gc] GC(382) Garbage Collection (Proactive) 10M(62%)->8M(50%)
[663.170s][info][gc] GC(383) Garbage Collection (Proactive) 10M(62%)->8M(50%)
[664.764s][info][gc] GC(384) Garbage Collection (Proactive) 10M(62%)->10M(62%)
[671.662s][info][gc] GC(385) Garbage Collection (Proactive) 12M(75%)->10M(62%)
[671.867s][info][gc] GC(386) Garbage Collection (Allocation Rate) 12M(75%)->10M(62%)
[673.065s][info][gc] GC(387) Garbage Collection (Proactive) 12M(75%)->10M(62%)
[674.171s][info][gc] GC(388) Garbage Collection (Proactive) 12M(75%)->10M(62%)
[675.259s][info][gc] GC(389) Garbage Collection (Proactive) 12M(75%)->10M(62%)
[676.366s][info][gc] GC(390) Garbage Collection (Proactive) 12M(75%)->10M(62%)
[677.470s][info][gc] GC(391) Garbage Collection (Proactive) 12M(75%)->10M(62%)
[678.473s][info][gc] GC(392) Garbage Collection (Proactive) 12M(75%)->8M(50%)
[679.581s][info][gc] GC(393) Garbage Collection (Proactive) 10M(62%)->8M(50%)
[681.480s][info][gc] GC(394) Garbage Collection (Proactive) 10M(62%)->8M(50%)
[683.264s][info][gc] GC(395) Garbage Collection (Proactive) 10M(62%)->8M(50%)
[684.990s][info][gc] GC(396) Garbage Collection (Proactive) 10M(62%)->8M(50%)
[688.365s][info][gc] GC(397) Garbage Collection (Proactive) 10M(62%)->8M(50%)
[690.961s][info][gc] GC(398) Garbage Collection (Proactive) 10M(62%)->8M(50%)
[692.960s][info][gc] GC(399) Garbage Collection (Proactive) 10M(62%)->8M(50%)
[694.459s][info][gc] GC(400) Garbage Collection (Proactive) 10M(62%)->8M(50%)
[695.765s][info][gc] GC(401) Garbage Collection (Proactive) 10M(62%)->8M(50%)
[696.971s][info][gc] GC(402) Garbage Collection (Proactive) 10M(62%)->8M(50%)
[698.159s][info][gc] GC(403) Garbage Collection (Proactive) 10M(62%)->8M(50%)
[699.263s][info][gc] GC(404) Garbage Collection (Proactive) 10M(62%)->8M(50%)
[700.260s][info][gc] GC(405) Garbage Collection (Proactive) 10M(62%)->8M(50%)
[701.260s][info][gc] GC(406) Garbage Collection (Proactive) 10M(62%)->8M(50%)
[702.271s][info][gc] GC(407) Garbage Collection (Proactive) 10M(62%)->8M(50%)
[703.268s][info][gc] GC(408) Garbage Collection (Proactive) 10M(62%)->8M(50%)
[704.262s][info][gc] GC(409) Garbage Collection (Proactive) 10M(62%)->8M(50%)
[705.281s][info][gc] GC(410) Garbage Collection (Proactive) 10M(62%)->8M(50%)
[708.059s][info][gc] GC(411) Garbage Collection (Proactive) 10M(62%)->8M(50%)
[710.269s][info][gc] GC(412) Garbage Collection (Proactive) 10M(62%)->8M(50%)
[711.859s][info][gc] GC(413) Garbage Collection (Proactive) 10M(62%)->8M(50%)
[713.175s][info][gc] GC(414) Garbage Collection (Proactive) 10M(62%)->8M(50%)
[715.760s][info][gc] GC(415) Garbage Collection (Proactive) 10M(62%)->8M(50%)
[717.861s][info][gc] GC(416) Garbage Collection (Proactive) 10M(62%)->8M(50%)
[719.372s][info][gc] GC(417) Garbage Collection (Proactive) 10M(62%)->8M(50%)
[720.665s][info][gc] GC(418) Garbage Collection (Proactive) 10M(62%)->8M(50%)
[722.072s][info][gc] GC(419) Garbage Collection (Proactive) 10M(62%)->8M(50%)
[723.367s][info][gc] GC(420) Garbage Collection (Proactive) 10M(62%)->8M(50%)
[724.461s][info][gc] GC(421) Garbage Collection (Proactive) 10M(62%)->8M(50%)
[725.662s][info][gc] GC(422) Garbage Collection (Proactive) 10M(62%)->8M(50%)
[726.781s][info][gc] GC(423) Garbage Collection (Proactive) 10M(62%)->8M(50%)
[729.360s][info][gc] GC(424) Garbage Collection (Proactive) 10M(62%)->8M(50%)
[731.463s][info][gc] GC(425) Garbage Collection (Proactive) 10M(62%)->8M(50%)
[733.064s][info][gc] GC(426) Garbage Collection (Proactive) 10M(62%)->8M(50%)
[734.373s][info][gc] GC(427) Garbage Collection (Proactive) 10M(62%)->8M(50%)
[735.567s][info][gc] GC(428) Garbage Collection (Proactive) 10M(62%)->8M(50%)
[736.669s][info][gc] GC(429) Garbage Collection (Proactive) 10M(62%)->8M(50%)
[737.871s][info][gc] GC(430) Garbage Collection (Proactive) 10M(62%)->8M(50%)
[738.868s][info][gc] GC(431) Garbage Collection (Proactive) 10M(62%)->8M(50%)
[739.858s][info][gc] GC(432) Garbage Collection (Proactive) 10M(62%)->8M(50%)
[740.864s][info][gc] GC(433) Garbage Collection (Proactive) 10M(62%)->8M(50%)
[741.863s][info][gc] GC(434) Garbage Collection (Proactive) 10M(62%)->8M(50%)
[742.865s][info][gc] GC(435) Garbage Collection (Proactive) 10M(62%)->8M(50%)
[744.067s][info][gc] GC(436) Garbage Collection (Proactive) 10M(62%)->8M(50%)
[745.172s][info][gc] GC(437) Garbage Collection (Proactive) 10M(62%)->8M(50%)
[746.168s][info][gc] GC(438) Garbage Collection (Proactive) 10M(62%)->8M(50%)
[747.179s][info][gc] GC(439) Garbage Collection (Proactive) 10M(62%)->8M(50%)
[749.566s][info][gc] GC(440) Garbage Collection (Proactive) 10M(62%)->8M(50%)
[751.568s][info][gc] GC(441) Garbage Collection (Proactive) 10M(62%)->8M(50%)
[753.171s][info][gc] GC(442) Garbage Collection (Proactive) 10M(62%)->8M(50%)
[754.468s][info][gc] GC(443) Garbage Collection (Proactive) 10M(62%)->8M(50%)
[755.562s][info][gc] GC(444) Garbage Collection (Proactive) 10M(62%)->8M(50%)
[756.673s][info][gc] GC(445) Garbage Collection (Proactive) 10M(62%)->8M(50%)
[757.767s][info][gc] GC(446) Garbage Collection (Proactive) 10M(62%)->8M(50%)
[759.162s][info][gc] GC(447) Garbage Collection (Proactive) 10M(62%)->8M(50%)
[760.479s][info][gc] GC(448) Garbage Collection (Proactive) 10M(62%)->8M(50%)
[762.566s][info][gc] GC(449) Garbage Collection (Proactive) 10M(62%)->8M(50%)
[764.361s][info][gc] GC(450) Garbage Collection (Proactive) 10M(62%)->8M(50%)
[765.767s][info][gc] GC(451) Garbage Collection (Proactive) 10M(62%)->8M(50%)
[766.973s][info][gc] GC(452) Garbage Collection (Proactive) 10M(62%)->8M(50%)
[768.359s][info][gc] GC(453) Garbage Collection (Proactive) 10M(62%)->8M(50%)
[769.566s][info][gc] GC(454) Garbage Collection (Proactive) 10M(62%)->10M(62%)
[782.959s][info][gc] GC(455) Garbage Collection (Proactive) 12M(75%)->8M(50%)
[784.257s][info][gc] GC(456) Garbage Collection (Proactive) 10M(62%)->8M(50%)
[785.466s][info][gc] GC(457) Garbage Collection (Proactive) 10M(62%)->8M(50%)
[786.558s][info][gc] GC(458) Garbage Collection (Proactive) 10M(62%)->10M(62%)
[799.960s][info][gc] GC(459) Garbage Collection (Proactive) 12M(75%)->8M(50%)
[801.063s][info][gc] GC(460) Garbage Collection (Proactive) 10M(62%)->8M(50%)
[802.473s][info][gc] GC(461) Garbage Collection (Proactive) 10M(62%)->8M(50%)
[803.766s][info][gc] GC(462) Garbage Collection (Proactive) 10M(62%)->8M(50%)
[804.964s][info][gc] GC(463) Garbage Collection (Proactive) 10M(62%)->8M(50%)
[806.057s][info][gc] GC(464) Garbage Collection (Proactive) 10M(62%)->8M(50%)
[807.068s][info][gc] GC(465) Garbage Collection (Proactive) 10M(62%)->8M(50%)
[808.067s][info][gc] GC(466) Garbage Collection (Proactive) 10M(62%)->8M(50%)
[809.062s][info][gc] GC(467) Garbage Collection (Proactive) 10M(62%)->8M(50%)
[810.059s][info][gc] GC(468) Garbage Collection (Proactive) 10M(62%)->8M(50%)
[811.072s][info][gc] GC(469) Garbage Collection (Proactive) 10M(62%)->8M(50%)
[812.070s][info][gc] GC(470) Garbage Collection (Proactive) 10M(62%)->8M(50%)
[813.063s][info][gc] GC(471) Garbage Collection (Proactive) 10M(62%)->8M(50%)
[814.056s][info][gc] GC(472) Garbage Collection (Proactive) 10M(62%)->8M(50%)
[815.070s][info][gc] GC(473) Garbage Collection (Proactive) 10M(62%)->8M(50%)
[816.163s][info][gc] GC(474) Garbage Collection (Proactive) 10M(62%)->8M(50%)
[817.154s][info][gc] GC(475) Garbage Collection (Proactive) 10M(62%)->8M(50%)
[818.264s][info][gc] GC(476) Garbage Collection (Proactive) 10M(62%)->8M(50%)
[819.373s][info][gc] GC(477) Garbage Collection (Proactive) 10M(62%)->8M(50%)
[820.473s][info][gc] GC(478) Garbage Collection (Proactive) 10M(62%)->8M(50%)
[821.962s][info][gc] GC(479) Garbage Collection (Proactive) 10M(62%)->8M(50%)
[823.257s][info][gc] GC(480) Garbage Collection (Proactive) 10M(62%)->8M(50%)
[824.374s][info][gc] GC(481) Garbage Collection (Proactive) 10M(62%)->8M(50%)
[827.077s][info][gc] GC(482) Garbage Collection (Proactive) 10M(62%)->8M(50%)
[829.365s][info][gc] GC(483) Garbage Collection (Proactive) 10M(62%)->8M(50%)
[831.576s][info][gc] GC(484) Garbage Collection (Proactive) 10M(62%)->10M(62%)
[844.974s][info][gc] GC(485) Garbage Collection (Proactive) 12M(75%)->8M(50%)
[846.374s][info][gc] GC(486) Garbage Collection (Proactive) 10M(62%)->8M(50%)
[847.683s][info][gc] GC(487) Garbage Collection (Proactive) 10M(62%)->8M(50%)
[850.160s][info][gc] GC(488) Garbage Collection (Proactive) 10M(62%)->8M(50%)
[852.268s][info][gc] GC(489) Garbage Collection (Proactive) 10M(62%)->8M(50%)
[854.060s][info][gc] GC(490) Garbage Collection (Proactive) 10M(62%)->8M(50%)
[855.558s][info][gc] GC(491) Garbage Collection (Proactive) 10M(62%)->8M(50%)
[856.888s][info][gc] GC(492) Garbage Collection (Proactive) 10M(62%)->8M(50%)
[859.778s][info][gc] GC(493) Garbage Collection (Proactive) 10M(62%)->8M(50%)
[862.259s][info][gc] GC(494) Garbage Collection (Proactive) 10M(62%)->8M(50%)
[864.562s][info][gc] GC(495) Garbage Collection (Proactive) 10M(62%)->8M(50%)
[866.267s][info][gc] GC(496) Garbage Collection (Proactive) 10M(62%)->8M(50%)
[868.173s][info][gc] GC(497) Garbage Collection (Proactive) 10M(62%)->8M(50%)
[869.669s][info][gc] GC(498) Garbage Collection (Proactive) 10M(62%)->8M(50%)
[870.966s][info][gc] GC(499) Garbage Collection (Proactive) 10M(62%)->8M(50%)
[872.087s][info][gc] GC(500) Garbage Collection (Proactive) 10M(62%)->8M(50%)
[874.675s][info][gc] GC(501) Garbage Collection (Proactive) 10M(62%)->8M(50%)
[876.763s][info][gc] GC(502) Garbage Collection (Proactive) 10M(62%)->8M(50%)
[878.377s][info][gc] GC(503) Garbage Collection (Proactive) 10M(62%)->8M(50%)
[880.362s][info][gc] GC(504) Garbage Collection (Proactive) 10M(62%)->8M(50%)
[881.975s][info][gc] GC(505) Garbage Collection (Proactive) 10M(62%)->8M(50%)
[883.369s][info][gc] GC(506) Garbage Collection (Proactive) 10M(62%)->8M(50%)
[884.568s][info][gc] GC(507) Garbage Collection (Proactive) 10M(62%)->8M(50%)
[885.776s][info][gc] GC(508) Garbage Collection (Proactive) 10M(62%)->8M(50%)
[887.264s][info][gc] GC(509) Garbage Collection (Proactive) 10M(62%)->8M(50%)
[888.774s][info][gc] GC(510) Garbage Collection (Proactive) 10M(62%)->8M(50%)
[890.071s][info][gc] GC(511) Garbage Collection (Proactive) 10M(62%)->8M(50%)
[891.262s][info][gc] GC(512) Garbage Collection (Proactive) 10M(62%)->8M(50%)
[892.376s][info][gc] GC(513) Garbage Collection (Proactive) 10M(62%)->8M(50%)
[894.372s][info][gc] GC(514) Garbage Collection (Proactive) 10M(62%)->8M(50%)
[896.076s][info][gc] GC(515) Garbage Collection (Proactive) 10M(62%)->8M(50%)
[897.670s][info][gc] GC(516) Garbage Collection (Proactive) 10M(62%)->8M(50%)
[899.170s][info][gc] GC(517) Garbage Collection (Proactive) 10M(62%)->8M(50%)
[900.575s][info][gc] GC(518) Garbage Collection (Proactive) 10M(62%)->8M(50%)
[901.778s][info][gc] GC(519) Garbage Collection (Proactive) 10M(62%)->8M(50%)
[903.157s][info][gc] GC(520) Garbage Collection (Proactive) 10M(62%)->8M(50%)
[904.571s][info][gc] GC(521) Garbage Collection (Proactive) 10M(62%)->8M(50%)
[905.772s][info][gc] GC(522) Garbage Collection (Proactive) 10M(62%)->8M(50%)
[907.062s][info][gc] GC(523) Garbage Collection (Proactive) 10M(62%)->8M(50%)
[908.275s][info][gc] GC(524) Garbage Collection (Proactive) 10M(62%)->8M(50%)
[909.475s][info][gc] GC(525) Garbage Collection (Proactive) 10M(62%)->8M(50%)
[910.568s][info][gc] GC(526) Garbage Collection (Proactive) 10M(62%)->8M(50%)
[912.169s][info][gc] GC(527) Garbage Collection (Proactive) 10M(62%)->8M(50%)
[913.766s][info][gc] GC(528) Garbage Collection (Proactive) 10M(62%)->8M(50%)
[915.470s][info][gc] GC(529) Garbage Collection (Proactive) 10M(62%)->8M(50%)
[916.969s][info][gc] GC(530) Garbage Collection (Proactive) 10M(62%)->10M(62%)
[930.671s][info][gc] GC(531) Garbage Collection (Proactive) 12M(75%)->8M(50%)
[931.871s][info][gc] GC(532) Garbage Collection (Proactive) 10M(62%)->8M(50%)
[932.958s][info][gc] GC(533) Garbage Collection (Proactive) 10M(62%)->8M(50%)
[933.972s][info][gc] GC(534) Garbage Collection (Proactive) 10M(62%)->8M(50%)
[934.970s][info][gc] GC(535) Garbage Collection (Proactive) 10M(62%)->8M(50%)
[936.160s][info][gc] GC(536) Garbage Collection (Proactive) 10M(62%)->8M(50%)
[937.261s][info][gc] GC(537) Garbage Collection (Proactive) 10M(62%)->8M(50%)
[938.374s][info][gc] GC(538) Garbage Collection (Proactive) 10M(62%)->8M(50%)
[939.658s][info][gc] GC(539) Garbage Collection (Proactive) 10M(62%)->8M(50%)
[940.973s][info][gc] GC(540) Garbage Collection (Proactive) 10M(62%)->8M(50%)
[942.173s][info][gc] GC(541) Garbage Collection (Proactive) 10M(62%)->8M(50%)
[943.373s][info][gc] GC(542) Garbage Collection (Proactive) 10M(62%)->8M(50%)
[944.568s][info][gc] GC(543) Garbage Collection (Proactive) 10M(62%)->8M(50%)
[945.674s][info][gc] GC(544) Garbage Collection (Proactive) 10M(62%)->8M(50%)
[946.764s][info][gc] GC(545) Garbage Collection (Proactive) 10M(62%)->8M(50%)
[947.872s][info][gc] GC(546) Garbage Collection (Proactive) 10M(62%)->8M(50%)
[949.064s][info][gc] GC(547) Garbage Collection (Proactive) 10M(62%)->8M(50%)
[950.263s][info][gc] GC(548) Garbage Collection (Proactive) 10M(62%)->8M(50%)
[951.371s][info][gc] GC(549) Garbage Collection (Proactive) 10M(62%)->8M(50%)
[952.456s][info][gc] GC(550) Garbage Collection (Proactive) 10M(62%)->8M(50%)
[953.566s][info][gc] GC(551) Garbage Collection (Proactive) 10M(62%)->8M(50%)
[954.562s][info][gc] GC(552) Garbage Collection (Proactive) 10M(62%)->8M(50%)
[955.469s][info][gc] GC(553) Garbage Collection (Proactive) 10M(62%)->8M(50%)
[956.469s][info][gc] GC(554) Garbage Collection (Proactive) 10M(62%)->8M(50%)
[957.473s][info][gc] GC(555) Garbage Collection (Proactive) 10M(62%)->8M(50%)
[958.591s][info][gc] GC(556) Garbage Collection (Proactive) 10M(62%)->8M(50%)
[962.063s][info][gc] GC(557) Garbage Collection (Proactive) 10M(62%)->8M(50%)
[964.872s][info][gc] GC(558) Garbage Collection (Proactive) 10M(62%)->8M(50%)
[966.868s][info][gc] GC(559) Garbage Collection (Proactive) 10M(62%)->8M(50%)
[968.367s][info][gc] GC(560) Garbage Collection (Proactive) 10M(62%)->8M(50%)
[969.659s][info][gc] GC(561) Garbage Collection (Proactive) 10M(62%)->8M(50%)
[970.858s][info][gc] GC(562) Garbage Collection (Proactive) 10M(62%)->8M(50%)
[971.873s][info][gc] GC(563) Garbage Collection (Proactive) 10M(62%)->8M(50%)
[972.963s][info][gc] GC(564) Garbage Collection (Proactive) 10M(62%)->8M(50%)
[974.069s][info][gc] GC(565) Garbage Collection (Proactive) 10M(62%)->8M(50%)
[975.092s][info][gc] GC(566) Garbage Collection (Proactive) 10M(62%)->8M(50%)
[978.384s][info][gc] GC(567) Garbage Collection (Proactive) 10M(62%)->8M(50%)
[980.868s][info][gc] GC(568) Garbage Collection (Proactive) 10M(62%)->8M(50%)
[982.975s][info][gc] GC(569) Garbage Collection (Proactive) 10M(62%)->8M(50%)
[984.671s][info][gc] GC(570) Garbage Collection (Proactive) 10M(62%)->8M(50%)
[985.975s][info][gc] GC(571) Garbage Collection (Proactive) 10M(62%)->8M(50%)
[987.574s][info][gc] GC(572) Garbage Collection (Proactive) 10M(62%)->8M(50%)
[988.866s][info][gc] GC(573) Garbage Collection (Proactive) 10M(62%)->8M(50%)
[990.065s][info][gc] GC(574) Garbage Collection (Proactive) 10M(62%)->8M(50%)
[991.269s][info][gc] GC(575) Garbage Collection (Proactive) 10M(62%)->8M(50%)
[992.370s][info][gc] GC(576) Garbage Collection (Proactive) 10M(62%)->8M(50%)
[993.367s][info][gc] GC(577) Garbage Collection (Proactive) 10M(62%)->8M(50%)
[994.372s][info][gc] GC(578) Garbage Collection (Proactive) 10M(62%)->8M(50%)
[995.666s][info][gc] GC(579) Garbage Collection (Proactive) 10M(62%)->8M(50%)
[996.865s][info][gc] GC(580) Garbage Collection (Proactive) 10M(62%)->8M(50%)
[997.977s][info][gc] GC(581) Garbage Collection (Proactive) 10M(62%)->8M(50%)
[999.371s][info][gc] GC(582) Garbage Collection (Proactive) 10M(62%)->8M(50%)
[1000.667s][info][gc] GC(583) Garbage Collection (Proactive) 10M(62%)->8M(50%)
[1002.079s][info][gc] GC(584) Garbage Collection (Proactive) 10M(62%)->8M(50%)
[1004.171s][info][gc] GC(585) Garbage Collection (Proactive) 10M(62%)->8M(50%)
[1006.272s][info][gc] GC(586) Garbage Collection (Proactive) 10M(62%)->8M(50%)
[1007.767s][info][gc] GC(587) Garbage Collection (Proactive) 10M(62%)->8M(50%)
[1009.063s][info][gc] GC(588) Garbage Collection (Proactive) 10M(62%)->10M(62%)
[1023.170s][info][gc] GC(589) Garbage Collection (Proactive) 12M(75%)->8M(50%)
[1024.465s][info][gc] GC(590) Garbage Collection (Proactive) 10M(62%)->8M(50%)
[1025.662s][info][gc] GC(591) Garbage Collection (Proactive) 10M(62%)->10M(62%)
[1039.174s][info][gc] GC(592) Garbage Collection (Proactive) 12M(75%)->8M(50%)
[1040.476s][info][gc] GC(593) Garbage Collection (Proactive) 10M(62%)->8M(50%)
[1042.272s][info][gc] GC(594) Garbage Collection (Proactive) 10M(62%)->8M(50%)
[1043.865s][info][gc] GC(595) Garbage Collection (Proactive) 10M(62%)->8M(50%)
[1045.363s][info][gc] GC(596) Garbage Collection (Proactive) 10M(62%)->8M(50%)
[1046.681s][info][gc] GC(597) Garbage Collection (Proactive) 10M(62%)->10M(62%)
[1060.165s][info][gc] GC(598) Garbage Collection (Proactive) 12M(75%)->8M(50%)
[1061.761s][info][gc] GC(599) Garbage Collection (Proactive) 10M(62%)->8M(50%)
[1063.077s][info][gc] GC(600) Garbage Collection (Proactive) 10M(62%)->8M(50%)
[1064.563s][info][gc] GC(601) Garbage Collection (Proactive) 10M(62%)->8M(50%)
[1065.978s][info][gc] GC(602) Garbage Collection (Proactive) 10M(62%)->8M(50%)
[1068.765s][info][gc] GC(603) Garbage Collection (Proactive) 10M(62%)->8M(50%)
[1070.965s][info][gc] GC(604) Garbage Collection (Proactive) 10M(62%)->8M(50%)
[1072.763s][info][gc] GC(605) Garbage Collection (Proactive) 10M(62%)->8M(50%)
[1074.268s][info][gc] GC(606) Garbage Collection (Proactive) 10M(62%)->8M(50%)
[1075.563s][info][gc] GC(607) Garbage Collection (Proactive) 10M(62%)->8M(50%)
[1076.761s][info][gc] GC(608) Garbage Collection (Proactive) 10M(62%)->8M(50%)
[1077.870s][info][gc] GC(609) Garbage Collection (Proactive) 10M(62%)->8M(50%)
[1079.069s][info][gc] GC(610) Garbage Collection (Proactive) 10M(62%)->8M(50%)
[1080.159s][info][gc] GC(611) Garbage Collection (Proactive) 10M(62%)->8M(50%)
[1081.177s][info][gc] GC(612) Garbage Collection (Proactive) 10M(62%)->8M(50%)
[1083.972s][info][gc] GC(613) Garbage Collection (Proactive) 10M(62%)->8M(50%)
[1086.070s][info][gc] GC(614) Garbage Collection (Proactive) 10M(62%)->8M(50%)
[1087.664s][info][gc] GC(615) Garbage Collection (Proactive) 10M(62%)->8M(50%)
[1088.970s][info][gc] GC(616) Garbage Collection (Proactive) 10M(62%)->8M(50%)
[1090.064s][info][gc] GC(617) Garbage Collection (Proactive) 10M(62%)->8M(50%)
[1091.070s][info][gc] GC(618) Garbage Collection (Proactive) 10M(62%)->8M(50%)
[1092.056s][info][gc] GC(619) Garbage Collection (Proactive) 10M(62%)->8M(50%)
[1093.068s][info][gc] GC(620) Garbage Collection (Proactive) 10M(62%)->8M(50%)
[1094.073s][info][gc] GC(621) Garbage Collection (Proactive) 10M(62%)->8M(50%)
[1095.283s][info][gc] GC(622) Garbage Collection (Proactive) 10M(62%)->8M(50%)
[1097.477s][info][gc] GC(623) Garbage Collection (Proactive) 10M(62%)->8M(50%)
[1099.259s][info][gc] GC(624) Garbage Collection (Proactive) 10M(62%)->8M(50%)
[1100.863s][info][gc] GC(625) Garbage Collection (Proactive) 10M(62%)->8M(50%)
[1102.171s][info][gc] GC(626) Garbage Collection (Proactive) 10M(62%)->8M(50%)
[1103.370s][info][gc] GC(627) Garbage Collection (Proactive) 10M(62%)->8M(50%)
[1104.569s][info][gc] GC(628) Garbage Collection (Proactive) 10M(62%)->8M(50%)
[1105.659s][info][gc] GC(629) Garbage Collection (Proactive) 10M(62%)->8M(50%)
[1106.763s][info][gc] GC(630) Garbage Collection (Proactive) 10M(62%)->8M(50%)
[1107.868s][info][gc] GC(631) Garbage Collection (Proactive) 10M(62%)->8M(50%)
[1108.978s][info][gc] GC(632) Garbage Collection (Proactive) 10M(62%)->8M(50%)
[1111.666s][info][gc] GC(633) Garbage Collection (Proactive) 10M(62%)->8M(50%)
[1113.772s][info][gc] GC(634) Garbage Collection (Proactive) 10M(62%)->8M(50%)
