[0.011s][info][gc] Using Parallel
[1.115s][info][gc] GC(0) Pause Young (Allocation Failure) 3M->1M(11M) 2.870ms
[4.319s][info][gc] GC(1) Pause Young (Allocation Failure) 4M->2M(11M) 1.846ms
[4.386s][info][gc] GC(2) Pause Young (Allocation Failure) 5M->3M(11M) 1.365ms
[4.422s][info][gc] GC(3) Pause Young (Allocation Failure) 6M->4M(11M) 3.301ms
[4.448s][info][gc] GC(4) Pause Young (Allocation Failure) 7M->4M(11M) 1.746ms
[4.699s][info][gc] GC(5) Pause Young (Allocation Failure) 7M->5M(10M) 2.127ms
[4.789s][info][gc] GC(6) Pause Young (Allocation Failure) 7M->5M(11M) 1.788ms
[12.827s][info][gc] GC(7) Pause Young (Allocation Failure) 7M->5M(11M) 1.061ms
[28.816s][info][gc] GC(8) Pause Young (Allocation Failure) 7M->5M(11M) 1.047ms
[36.840s][info][gc] GC(9) Pause Young (Allocation Failure) 7M->6M(11M) 1.572ms
[36.854s][info][gc] GC(10) Pause Full (Ergonomics) 6M->4M(11M) 14.204ms
[53.845s][info][gc] GC(11) Pause Young (Allocation Failure) 6M->4M(11M) 0.420ms
[70.855s][info][gc] GC(12) Pause Young (Allocation Failure) 6M->4M(11M) 0.434ms
[87.145s][info][gc] GC(13) Pause Young (Allocation Failure) 6M->4M(11M) 0.411ms
[101.837s][info][gc] GC(14) Pause Young (Allocation Failure) 6M->4M(11M) 0.544ms
[118.891s][info][gc] GC(15) Pause Young (Allocation Failure) 6M->4M(11M) 0.390ms
[136.904s][info][gc] GC(16) Pause Young (Allocation Failure) 6M->4M(11M) 0.374ms
[154.915s][info][gc] GC(17) Pause Young (Allocation Failure) 6M->4M(11M) 0.390ms
[172.928s][info][gc] GC(18) Pause Young (Allocation Failure) 6M->4M(11M) 0.546ms
[174.027s][info][gc] GC(19) Pause Young (Allocation Failure) 6M->5M(11M) 0.458ms
[174.031s][info][gc] GC(20) Pause Young (Allocation Failure) 7M->5M(11M) 0.433ms
[174.042s][info][gc] GC(21) Pause Young (Allocation Failure) 7M->5M(11M) 0.279ms
[174.052s][info][gc] GC(22) Pause Young (Allocation Failure) 7M->6M(11M) 0.260ms
[174.055s][info][gc] GC(23) Pause Young (Allocation Failure) 8M->6M(11M) 0.289ms
[174.057s][info][gc] GC(24) Pause Young (Allocation Failure) 8M->6M(11M) 0.249ms
[174.060s][info][gc] GC(25) Pause Young (Allocation Failure) 8M->6M(11M) 0.251ms
[174.062s][info][gc] GC(26) Pause Young (Allocation Failure) 8M->6M(11M) 0.284ms
[174.065s][info][gc] GC(27) Pause Young (Allocation Failure) 8M->6M(11M) 0.260ms
[174.067s][info][gc] GC(28) Pause Young (Allocation Failure) 8M->6M(11M) 0.247ms
[174.070s][info][gc] GC(29) Pause Young (Allocation Failure) 8M->6M(11M) 0.250ms
[174.072s][info][gc] GC(30) Pause Young (Allocation Failure) 8M->6M(11M) 0.338ms
[174.074s][info][gc] GC(31) Pause Young (Allocation Failure) 8M->7M(11M) 0.267ms
[174.077s][info][gc] GC(32) Pause Young (Allocation Failure) 8M->7M(11M) 0.251ms
[182.939s][info][gc] GC(33) Pause Young (Allocation Failure) 9M->6M(11M) 0.466ms
[200.950s][info][gc] GC(34) Pause Young (Allocation Failure) 8M->7M(11M) 0.677ms
[218.968s][info][gc] GC(35) Pause Young (Allocation Failure) 9M->7M(11M) 0.282ms
[236.979s][info][gc] GC(36) Pause Young (Allocation Failure) 9M->7M(11M) 0.258ms
[254.879s][info][gc] GC(37) Pause Young (Allocation Failure) 9M->6M(11M) 0.369ms
[263.881s][info][gc] GC(38) Pause Young (Allocation Failure) 8M->7M(11M) 0.423ms
[281.019s][info][gc] GC(39) Pause Young (Allocation Failure) 9M->7M(11M) 0.748ms
[281.029s][info][gc] GC(40) Pause Full (Ergonomics) 7M->5M(11M) 10.034ms
[297.897s][info][gc] GC(41) Pause Young (Allocation Failure) 7M->5M(11M) 0.371ms
[314.907s][info][gc] GC(42) Pause Young (Allocation Failure) 7M->5M(11M) 0.468ms
[332.913s][info][gc] GC(43) Pause Young (Allocation Failure) 7M->5M(11M) 0.276ms
[350.076s][info][gc] GC(44) Pause Young (Allocation Failure) 7M->5M(11M) 0.357ms
[368.091s][info][gc] GC(45) Pause Young (Allocation Failure) 7M->5M(11M) 0.958ms
[386.104s][info][gc] GC(46) Pause Young (Allocation Failure) 7M->5M(11M) 0.979ms
[404.121s][info][gc] GC(47) Pause Young (Allocation Failure) 7M->5M(11M) 1.003ms
[422.131s][info][gc] GC(48) Pause Young (Allocation Failure) 7M->5M(11M) 0.957ms
[440.145s][info][gc] GC(49) Pause Young (Allocation Failure) 7M->5M(11M) 0.955ms
[458.159s][info][gc] GC(50) Pause Young (Allocation Failure) 7M->5M(11M) 1.012ms
[476.175s][info][gc] GC(51) Pause Young (Allocation Failure) 7M->5M(11M) 1.044ms
[494.186s][info][gc] GC(52) Pause Young (Allocation Failure) 7M->5M(11M) 1.046ms
[512.201s][info][gc] GC(53) Pause Young (Allocation Failure) 7M->5M(11M) 1.046ms
[530.213s][info][gc] GC(54) Pause Young (Allocation Failure) 7M->5M(11M) 1.001ms
[548.226s][info][gc] GC(55) Pause Young (Allocation Failure) 7M->5M(11M) 1.003ms
[575.970s][info][gc] GC(56) Pause Young (Allocation Failure) 8M->5M(11M) 0.361ms
[603.267s][info][gc] GC(57) Pause Young (Allocation Failure) 8M->5M(11M) 1.055ms
[630.296s][info][gc] GC(58) Pause Young (Allocation Failure) 8M->5M(11M) 0.817ms
[658.310s][info][gc] GC(59) Pause Young (Allocation Failure) 8M->5M(11M) 0.538ms
[686.009s][info][gc] GC(60) Pause Young (Allocation Failure) 8M->5M(11M) 0.399ms
[704.349s][info][gc] GC(61) Pause Young (Allocation Failure) 8M->5M(11M) 0.945ms
[732.363s][info][gc] GC(62) Pause Young (Allocation Failure) 8M->5M(11M) 0.487ms
[759.388s][info][gc] GC(63) Pause Young (Allocation Failure) 8M->5M(11M) 0.534ms
[787.411s][info][gc] GC(64) Pause Young (Allocation Failure) 8M->5M(11M) 1.006ms
[815.427s][info][gc] GC(65) Pause Young (Allocation Failure) 8M->5M(11M) 0.705ms
[842.449s][info][gc] GC(66) Pause Young (Allocation Failure) 8M->5M(11M) 0.257ms
[870.473s][info][gc] GC(67) Pause Young (Allocation Failure) 8M->5M(11M) 0.425ms
